2026-05-17 21:23:38,496 INFO o.a.j.u.JMeterUtils: Setting Locale to en_EN
2026-05-17 21:23:38,544 INFO o.a.j.JMeter: Loading user properties from: D:\Practice\apache-jmeter-5.5\apache-jmeter-5.5\apache-jmeter-5.5\bin\user.properties
2026-05-17 21:23:38,544 INFO o.a.j.JMeter: Loading system properties from: D:\Practice\apache-jmeter-5.5\apache-jmeter-5.5\apache-jmeter-5.5\bin\system.properties
2026-05-17 21:23:38,544 INFO o.a.j.JMeter: Setting JMeter property: summariser.name=summary
2026-05-17 21:23:38,544 INFO o.a.j.JMeter: Copyright (c) 1998-2022 The Apache Software Foundation
2026-05-17 21:23:38,544 INFO o.a.j.JMeter: Version 5.5
2026-05-17 21:23:38,544 INFO o.a.j.JMeter: java.version=17.0.18
2026-05-17 21:23:38,544 INFO o.a.j.JMeter: java.vm.name=OpenJDK 64-Bit Server VM
2026-05-17 21:23:38,544 INFO o.a.j.JMeter: os.name=Windows 11
2026-05-17 21:23:38,544 INFO o.a.j.JMeter: os.arch=amd64
2026-05-17 21:23:38,544 INFO o.a.j.JMeter: os.version=10.0
2026-05-17 21:23:38,544 INFO o.a.j.JMeter: file.encoding=Cp1252
2026-05-17 21:23:38,544 INFO o.a.j.JMeter: java.awt.headless=true
2026-05-17 21:23:38,544 INFO o.a.j.JMeter: Max memory     =1073741824
2026-05-17 21:23:38,544 INFO o.a.j.JMeter: Available Processors =8
2026-05-17 21:23:38,567 INFO o.a.j.JMeter: Default Locale=English (EN)
2026-05-17 21:23:38,567 INFO o.a.j.JMeter: JMeter  Locale=English (EN)
2026-05-17 21:23:38,567 INFO o.a.j.JMeter: JMeterHome=D:\Practice\apache-jmeter-5.5\apache-jmeter-5.5\apache-jmeter-5.5
2026-05-17 21:23:38,567 INFO o.a.j.JMeter: user.dir  =D:\Practice\performance testing_IQEA\ai-accelerator-IQEA_refined_version\ai-accelerator-IQEA_refined_version
2026-05-17 21:23:38,570 INFO o.a.j.JMeter: PWD       =D:\Practice\performance testing_IQEA\ai-accelerator-IQEA_refined_version\ai-accelerator-IQEA_refined_version
2026-05-17 21:23:43,579 INFO o.a.j.JMeter: IP: 192.168.0.211 Name: TIGER04131 FullName: TIGER04131.tigeranalytics.local
2026-05-17 21:23:43,608 INFO o.a.j.JMeter: Setting property 'jmeter.reportgenerator.outputdir' to:'D:\Practice\performance testing_IQEA\ai-accelerator-IQEA_refined_version\ai-accelerator-IQEA_refined_version\jmeter_reports\testactions\html_dashboard'
2026-05-17 21:23:43,614 INFO o.a.j.s.FileServer: Default base='D:\Practice\performance testing_IQEA\ai-accelerator-IQEA_refined_version\ai-accelerator-IQEA_refined_version'
2026-05-17 21:23:43,641 INFO o.a.j.s.FileServer: Set new base='C:\Users\SONA~1.JAY\AppData\Local\Temp'
2026-05-17 21:23:44,839 INFO o.a.j.s.SaveService: Testplan (JMX) version: 2.2. Testlog (JTL) version: 2.2
2026-05-17 21:23:44,876 INFO o.a.j.s.SaveService: Using SaveService properties version 5.0
2026-05-17 21:23:44,884 INFO o.a.j.s.SaveService: Using SaveService properties file encoding UTF-8
2026-05-17 21:23:44,889 INFO o.a.j.s.SaveService: Loading file: C:\Users\SONA~1.JAY\AppData\Local\Temp\updated_testactions.jmx
2026-05-17 21:23:44,931 INFO o.a.j.p.h.c.CookieManager: Settings: Delete null: true Check: true Allow variable: true Save: false Prefix: COOKIE_
2026-05-17 21:23:44,947 INFO o.a.j.p.h.s.HTTPSamplerBase: Parser for text/html is org.apache.jmeter.protocol.http.parser.LagartoBasedHtmlParser
2026-05-17 21:23:44,947 INFO o.a.j.p.h.s.HTTPSamplerBase: Parser for application/xhtml+xml is org.apache.jmeter.protocol.http.parser.LagartoBasedHtmlParser
2026-05-17 21:23:44,947 INFO o.a.j.p.h.s.HTTPSamplerBase: Parser for application/xml is org.apache.jmeter.protocol.http.parser.LagartoBasedHtmlParser
2026-05-17 21:23:44,947 INFO o.a.j.p.h.s.HTTPSamplerBase: Parser for text/xml is org.apache.jmeter.protocol.http.parser.LagartoBasedHtmlParser
2026-05-17 21:23:44,947 INFO o.a.j.p.h.s.HTTPSamplerBase: Parser for text/vnd.wap.wml is org.apache.jmeter.protocol.http.parser.RegexpHTMLParser
2026-05-17 21:23:44,947 INFO o.a.j.p.h.s.HTTPSamplerBase: Parser for text/css is org.apache.jmeter.protocol.http.parser.CssParser
2026-05-17 21:23:44,961 INFO o.a.j.JMeter: Creating summariser <summary>
2026-05-17 21:23:44,968 INFO o.a.j.r.d.ReportGenerator: ReportGenerator will use for Parsing the separator: ','
2026-05-17 21:23:44,968 INFO o.a.j.r.d.ReportGenerator: Will generate report at end of test from  results file: D:\Practice\performance testing_IQEA\ai-accelerator-IQEA_refined_version\ai-accelerator-IQEA_refined_version\jmeter_reports\testactions\testactions_log.jtl
2026-05-17 21:23:44,968 INFO o.a.j.r.d.ReportGenerator: Reading report generator properties from: D:\Practice\apache-jmeter-5.5\apache-jmeter-5.5\apache-jmeter-5.5\bin\reportgenerator.properties
2026-05-17 21:23:44,968 INFO o.a.j.r.d.ReportGenerator: Merging with JMeter properties
2026-05-17 21:23:44,968 INFO o.a.j.r.c.ReportGeneratorConfiguration: Property 'jmeter.reportgenerator.temp_dir' not found, using default value 'temp' instead.
2026-05-17 21:23:44,979 INFO o.a.j.r.c.ReportGeneratorConfiguration: Property 'jmeter.reportgenerator.apdex_per_transaction' not found, using default value 'null' instead.
2026-05-17 21:23:44,979 INFO o.a.j.r.c.ReportGeneratorConfiguration: apdex_per_transaction is empty, not APDEX per transaction customization
2026-05-17 21:23:44,979 INFO o.a.j.r.c.ReportGeneratorConfiguration: Property 'jmeter.reportgenerator.sample_filter' not found, using default value 'null' instead.
2026-05-17 21:23:44,979 INFO o.a.j.r.c.ReportGeneratorConfiguration: Property 'jmeter.reportgenerator.report_title' not found, using default value 'null' instead.
2026-05-17 21:23:44,979 INFO o.a.j.r.c.ReportGeneratorConfiguration: Property 'jmeter.reportgenerator.start_date' not found, using default value 'null' instead.
2026-05-17 21:23:44,979 INFO o.a.j.r.c.ReportGeneratorConfiguration: Property 'jmeter.reportgenerator.end_date' not found, using default value 'null' instead.
2026-05-17 21:23:44,979 INFO o.a.j.r.c.ReportGeneratorConfiguration: Property 'jmeter.reportgenerator.date_format' not found, using default value 'null' instead.
2026-05-17 21:23:44,979 INFO o.a.j.r.c.ReportGeneratorConfiguration: Will use date range start date: null, end date: null
2026-05-17 21:23:44,979 INFO o.a.j.r.c.ReportGeneratorConfiguration: Property 'jmeter.reportgenerator.graph.totalTPS.exclude_controllers' not found, using default value 'false' instead.
2026-05-17 21:23:44,979 INFO o.a.j.r.c.ReportGeneratorConfiguration: Property 'jmeter.reportgenerator.graph.activeThreadsOverTime.exclude_controllers' not found, using default value 'false' instead.
2026-05-17 21:23:44,979 INFO o.a.j.r.c.ReportGeneratorConfiguration: Property 'jmeter.reportgenerator.graph.timeVsThreads.exclude_controllers' not found, using default value 'false' instead.
2026-05-17 21:23:44,979 INFO o.a.j.r.c.ReportGeneratorConfiguration: Property 'jmeter.reportgenerator.graph.responseTimeDistribution.exclude_controllers' not found, using default value 'false' instead.
2026-05-17 21:23:44,979 INFO o.a.j.r.c.ReportGeneratorConfiguration: Property 'jmeter.reportgenerator.graph.transactionsPerSecond.exclude_controllers' not found, using default value 'false' instead.
2026-05-17 21:23:44,979 INFO o.a.j.r.c.ReportGeneratorConfiguration: Property 'jmeter.reportgenerator.graph.responseTimePercentiles.exclude_controllers' not found, using default value 'false' instead.
2026-05-17 21:23:44,979 INFO o.a.j.r.c.ReportGeneratorConfiguration: Property 'jmeter.reportgenerator.graph.responseTimePercentilesOverTime.exclude_controllers' not found, using default value 'false' instead.
2026-05-17 21:23:44,979 INFO o.a.j.r.c.ReportGeneratorConfiguration: Property 'jmeter.reportgenerator.graph.responseTimesOverTime.exclude_controllers' not found, using default value 'false' instead.
2026-05-17 21:23:44,979 INFO o.a.j.r.c.ReportGeneratorConfiguration: Property 'jmeter.reportgenerator.graph.connectTimeOverTime.exclude_controllers' not found, using default value 'false' instead.
2026-05-17 21:23:44,979 INFO o.a.j.r.c.ReportGeneratorConfiguration: Property 'jmeter.reportgenerator.graph.latenciesOverTime.exclude_controllers' not found, using default value 'false' instead.
2026-05-17 21:23:44,989 INFO o.a.j.r.c.ReportGeneratorConfiguration: Property 'jmeter.reportgenerator.exporter.json.filters_only_sample_series' not found, using default value 'true' instead.
2026-05-17 21:23:44,989 INFO o.a.j.r.c.ReportGeneratorConfiguration: Property 'jmeter.reportgenerator.exporter.json.series_filter' not found, using default value '' instead.
2026-05-17 21:23:44,989 INFO o.a.j.r.c.ReportGeneratorConfiguration: Property 'jmeter.reportgenerator.exporter.json.show_controllers_only' not found, using default value 'false' instead.
2026-05-17 21:23:44,989 INFO o.a.j.r.c.ReportGeneratorConfiguration: Property 'jmeter.reportgenerator.exporter.html.filters_only_sample_series' not found, using default value 'true' instead.
2026-05-17 21:23:44,989 INFO o.a.j.r.c.ReportGeneratorConfiguration: Property 'jmeter.reportgenerator.exporter.html.series_filter' not found, using default value '' instead.
2026-05-17 21:23:44,989 INFO o.a.j.r.c.ReportGeneratorConfiguration: Property 'jmeter.reportgenerator.exporter.html.show_controllers_only' not found, using default value 'false' instead.
2026-05-17 21:23:45,011 INFO o.a.j.e.StandardJMeterEngine: Running the test!
2026-05-17 21:23:45,014 INFO o.a.j.s.SampleEvent: List of sample_variables: [visual_id, query_mode, fe_ms, se_ms, is_cache]
2026-05-17 21:23:45,014 INFO o.a.j.s.SampleEvent: List of sample_variables: [visual_id, query_mode, fe_ms, se_ms, is_cache]
2026-05-17 21:23:45,014 INFO o.a.j.e.u.CompoundVariable: Note: Function class names must contain the string: '.functions.'
2026-05-17 21:23:45,014 INFO o.a.j.e.u.CompoundVariable: Note: Function class names must not contain the string: '.gui.'
2026-05-17 21:23:46,438 INFO o.a.j.JMeter: Running test (1779033226437)
2026-05-17 21:23:46,588 INFO o.a.j.e.StandardJMeterEngine: Starting ThreadGroup: 1 : Thread Group
2026-05-17 21:23:46,588 INFO o.a.j.e.StandardJMeterEngine: Starting 3 threads for group Thread Group.
2026-05-17 21:23:46,588 INFO o.a.j.e.StandardJMeterEngine: Thread will continue on error
2026-05-17 21:23:46,588 INFO o.a.j.t.ThreadGroup: Starting thread group... number=1 threads=3 ramp-up=300 delayedStart=false
2026-05-17 21:23:46,608 INFO o.a.j.t.ThreadGroup: Started thread group number 1
2026-05-17 21:23:46,608 INFO o.a.j.e.StandardJMeterEngine: All thread groups have been started
2026-05-17 21:23:46,647 INFO o.a.j.t.JMeterThread: Thread started: Thread Group 1-1
2026-05-17 21:23:48,689 INFO o.a.j.p.h.s.HTTPHCAbstractImpl: Local host = TIGER04131
2026-05-17 21:23:48,704 INFO o.a.j.p.h.s.HTTPHC4Impl: HTTP request retry count = 0
2026-05-17 21:23:48,708 INFO o.a.j.s.SampleResult: Note: Sample TimeStamps are START times
2026-05-17 21:23:48,708 INFO o.a.j.s.SampleResult: sampleresult.default.encoding is set to ISO-8859-1
2026-05-17 21:23:48,708 INFO o.a.j.s.SampleResult: sampleresult.useNanoTime=true
2026-05-17 21:23:48,708 INFO o.a.j.s.SampleResult: sampleresult.nanoThreadSleep=5000
2026-05-17 21:23:48,892 INFO o.a.j.p.h.s.h.LazyLayeredConnectionSocketFactory: Setting up HTTPS TrustAll Socket Factory
2026-05-17 21:23:48,920 INFO o.a.j.u.JsseSSLManager: Using default SSL protocol: TLS
2026-05-17 21:23:48,920 INFO o.a.j.u.JsseSSLManager: SSL session context: per-thread
2026-05-17 21:23:49,175 INFO o.a.j.u.SSLManager: JmeterKeyStore Location:  type JKS
2026-05-17 21:23:49,179 INFO o.a.j.u.SSLManager: KeyStore created OK
2026-05-17 21:23:49,179 WARN o.a.j.u.SSLManager: Keystore file not found, loading empty keystore
2026-05-17 21:24:02,398 INFO o.a.j.r.Summariser: summary +      6 in 00:00:16 =    0.4/s Avg:   592 Min:   395 Max:  1503 Err:     0 (0.00%) Active: 1 Started: 1 Finished: 0
2026-05-17 21:24:31,622 INFO o.a.j.r.Summariser: summary +     12 in 00:00:29 =    0.4/s Avg:   425 Min:   388 Max:   497 Err:     0 (0.00%) Active: 1 Started: 1 Finished: 0
2026-05-17 21:24:31,622 INFO o.a.j.r.Summariser: summary =     18 in 00:00:45 =    0.4/s Avg:   480 Min:   388 Max:  1503 Err:     0 (0.00%)
2026-05-17 21:25:01,350 INFO o.a.j.r.Summariser: summary +     12 in 00:00:30 =    0.4/s Avg:   441 Min:   392 Max:   579 Err:     0 (0.00%) Active: 1 Started: 1 Finished: 0
2026-05-17 21:25:01,350 INFO o.a.j.r.Summariser: summary =     30 in 00:01:15 =    0.4/s Avg:   465 Min:   388 Max:  1503 Err:     0 (0.00%)
2026-05-17 21:25:26,658 INFO o.a.j.t.JMeterThread: Thread started: Thread Group 1-2
2026-05-17 21:25:30,424 INFO o.a.j.r.Summariser: summary +     13 in 00:00:29 =    0.4/s Avg:   430 Min:   388 Max:   646 Err:     0 (0.00%) Active: 2 Started: 2 Finished: 0
2026-05-17 21:25:30,424 INFO o.a.j.r.Summariser: summary =     43 in 00:01:44 =    0.4/s Avg:   454 Min:   388 Max:  1503 Err:     0 (0.00%)
2026-05-17 21:26:00,881 INFO o.a.j.r.Summariser: summary +     25 in 00:00:30 =    0.8/s Avg:   410 Min:   361 Max:   483 Err:     0 (0.00%) Active: 2 Started: 2 Finished: 0
2026-05-17 21:26:00,881 INFO o.a.j.r.Summariser: summary =     68 in 00:02:14 =    0.5/s Avg:   438 Min:   361 Max:  1503 Err:     0 (0.00%)
2026-05-17 21:26:30,240 INFO o.a.j.r.Summariser: summary +     24 in 00:00:29 =    0.8/s Avg:   412 Min:   344 Max:   572 Err:     0 (0.00%) Active: 2 Started: 2 Finished: 0
2026-05-17 21:26:30,240 INFO o.a.j.r.Summariser: summary =     92 in 00:02:44 =    0.6/s Avg:   431 Min:   344 Max:  1503 Err:     0 (0.00%)
2026-05-17 21:27:00,944 INFO o.a.j.r.Summariser: summary +     26 in 00:00:31 =    0.8/s Avg:   366 Min:   339 Max:   440 Err:     0 (0.00%) Active: 2 Started: 2 Finished: 0
2026-05-17 21:27:00,944 INFO o.a.j.r.Summariser: summary =    118 in 00:03:15 =    0.6/s Avg:   417 Min:   339 Max:  1503 Err:     0 (0.00%)
2026-05-17 21:27:06,727 INFO o.a.j.t.JMeterThread: Thread started: Thread Group 1-3
2026-05-17 21:27:30,802 INFO o.a.j.r.Summariser: summary +     34 in 00:00:30 =    1.1/s Avg:   405 Min:   332 Max:  1036 Err:     0 (0.00%) Active: 3 Started: 3 Finished: 0
2026-05-17 21:27:30,802 INFO o.a.j.r.Summariser: summary =    152 in 00:03:44 =    0.7/s Avg:   414 Min:   332 Max:  1503 Err:     0 (0.00%)
2026-05-17 21:28:00,511 INFO o.a.j.r.Summariser: summary +     37 in 00:00:30 =    1.2/s Avg:   411 Min:   344 Max:   600 Err:     0 (0.00%) Active: 3 Started: 3 Finished: 0
2026-05-17 21:28:00,511 INFO o.a.j.r.Summariser: summary =    189 in 00:04:14 =    0.7/s Avg:   414 Min:   332 Max:  1503 Err:     0 (0.00%)
2026-05-17 21:28:31,316 INFO o.a.j.r.Summariser: summary +     38 in 00:00:31 =    1.2/s Avg:   396 Min:   345 Max:   532 Err:     0 (0.00%) Active: 3 Started: 3 Finished: 0
2026-05-17 21:28:31,316 INFO o.a.j.r.Summariser: summary =    227 in 00:04:45 =    0.8/s Avg:   411 Min:   332 Max:  1503 Err:     0 (0.00%)
2026-05-17 21:28:45,957 INFO o.a.j.t.JMeterThread: Thread finished: Thread Group 1-1
2026-05-17 21:28:46,094 INFO o.a.j.t.JMeterThread: Thread finished: Thread Group 1-2
2026-05-17 21:28:46,125 INFO o.a.j.t.JMeterThread: Thread finished: Thread Group 1-3
2026-05-17 21:28:46,125 INFO o.a.j.e.StandardJMeterEngine: Notifying test listeners of end of test
2026-05-17 21:28:46,125 INFO o.a.j.r.Summariser: summary +     20 in 00:00:15 =    1.4/s Avg:   397 Min:   328 Max:   463 Err:     0 (0.00%) Active: 0 Started: 3 Finished: 3
2026-05-17 21:28:46,139 INFO o.a.j.r.Summariser: summary =    247 in 00:05:00 =    0.8/s Avg:   410 Min:   328 Max:  1503 Err:     0 (0.00%)
2026-05-17 21:28:46,140 INFO o.a.j.JMeter: Generating Dashboard
2026-05-17 21:28:46,140 INFO o.a.j.r.d.ReportGenerator: Flushing result collector before report Generation
2026-05-17 21:28:46,174 INFO o.a.j.r.p.NormalizerSampleConsumer: Using format, 'ms', to parse timeStamp field
2026-05-17 21:28:46,412 INFO o.a.j.r.p.AbstractSampleConsumer: class org.apache.jmeter.report.processor.AggregateConsumer#stopProducing(): beginDate produced 0 samples
2026-05-17 21:28:46,412 INFO o.a.j.r.p.AbstractSampleConsumer: class org.apache.jmeter.report.processor.AggregateConsumer#stopProducing(): endDate produced 0 samples
2026-05-17 21:28:46,428 INFO o.a.j.r.p.AbstractSampleConsumer: class org.apache.jmeter.report.processor.ApdexSummaryConsumer#stopProducing(): apdexSummary produced 0 samples
2026-05-17 21:28:46,428 INFO o.a.j.r.p.AbstractSampleConsumer: class org.apache.jmeter.report.processor.RequestsSummaryConsumer#stopProducing(): requestsSummary produced 0 samples
2026-05-17 21:28:46,444 INFO o.a.j.r.p.AbstractSampleConsumer: class org.apache.jmeter.report.processor.StatisticsSummaryConsumer#stopProducing(): statisticsSummary produced 0 samples
2026-05-17 21:28:46,444 INFO o.a.j.r.p.AbstractSampleConsumer: class org.apache.jmeter.report.processor.Top5ErrorsBySamplerConsumer#stopProducing(): top5ErrorsBySampler produced 0 samples
2026-05-17 21:28:46,452 INFO o.a.j.r.p.AbstractSampleConsumer: class org.apache.jmeter.report.processor.ErrorsSummaryConsumer#stopProducing(): errorsSummary produced 0 samples
2026-05-17 21:28:46,452 INFO o.a.j.r.p.AbstractSampleConsumer: class org.apache.jmeter.report.processor.graph.impl.HitsPerSecondGraphConsumer#stopProducing(): hitsPerSecond produced 0 samples
2026-05-17 21:28:46,499 INFO o.a.j.r.p.AbstractSampleConsumer: class org.apache.jmeter.report.processor.graph.impl.LatencyVSRequestGraphConsumer#stopProducing(): latencyVsRequest produced 0 samples
2026-05-17 21:28:46,499 INFO o.a.j.r.p.AbstractSampleConsumer: class org.apache.jmeter.report.processor.graph.impl.SyntheticResponseTimeDistributionGraphConsumer#stopProducing(): syntheticResponseTimeDistribution produced 0 samples
2026-05-17 21:28:46,501 INFO o.a.j.r.p.AbstractSampleConsumer: class org.apache.jmeter.report.processor.graph.impl.BytesThroughputGraphConsumer#stopProducing(): bytesThroughputOverTime produced 0 samples
2026-05-17 21:28:46,501 INFO o.a.j.r.p.AbstractSampleConsumer: class org.apache.jmeter.report.processor.graph.impl.CodesPerSecondGraphConsumer#stopProducing(): codesPerSecond produced 0 samples
2026-05-17 21:28:46,525 INFO o.a.j.r.p.AbstractSampleConsumer: class org.apache.jmeter.report.processor.graph.impl.ResponseTimeVSRequestGraphConsumer#stopProducing(): responseTimeVsRequest produced 0 samples
2026-05-17 21:28:46,525 INFO o.a.j.r.p.AbstractSampleConsumer: class org.apache.jmeter.report.processor.FilterConsumer#stopProducing(): startIntervalControlerFilter produced 1729 samples
2026-05-17 21:28:46,525 INFO o.a.j.r.p.AbstractSampleConsumer: class org.apache.jmeter.report.processor.graph.impl.TotalTPSGraphConsumer#stopProducing(): totalTPS produced 0 samples
2026-05-17 21:28:46,525 INFO o.a.j.r.p.AbstractSampleConsumer: class org.apache.jmeter.report.processor.graph.impl.ActiveThreadsGraphConsumer#stopProducing(): activeThreadsOverTime produced 0 samples
2026-05-17 21:28:46,525 INFO o.a.j.r.p.AbstractSampleConsumer: class org.apache.jmeter.report.processor.graph.impl.TimeVSThreadGraphConsumer#stopProducing(): timeVsThreads produced 0 samples
2026-05-17 21:28:46,525 INFO o.a.j.r.p.AbstractSampleConsumer: class org.apache.jmeter.report.processor.graph.impl.ResponseTimeDistributionGraphConsumer#stopProducing(): responseTimeDistribution produced 0 samples
2026-05-17 21:28:46,525 INFO o.a.j.r.p.AbstractSampleConsumer: class org.apache.jmeter.report.processor.graph.impl.TransactionsPerSecondGraphConsumer#stopProducing(): transactionsPerSecond produced 0 samples
2026-05-17 21:28:46,525 INFO o.a.j.r.p.AbstractSampleConsumer: class org.apache.jmeter.report.processor.graph.impl.ResponseTimePercentilesGraphConsumer#stopProducing(): responseTimePercentiles produced 0 samples
2026-05-17 21:28:46,525 INFO o.a.j.r.p.AbstractSampleConsumer: class org.apache.jmeter.report.processor.graph.impl.ResponseTimePercentilesOverTimeGraphConsumer#stopProducing(): responseTimePercentilesOverTime produced 0 samples
2026-05-17 21:28:46,538 INFO o.a.j.r.p.AbstractSampleConsumer: class org.apache.jmeter.report.processor.graph.impl.ResponseTimeOverTimeGraphConsumer#stopProducing(): responseTimesOverTime produced 0 samples
2026-05-17 21:28:46,538 INFO o.a.j.r.p.AbstractSampleConsumer: class org.apache.jmeter.report.processor.graph.impl.ConnectTimeOverTimeGraphConsumer#stopProducing(): connectTimeOverTime produced 0 samples
2026-05-17 21:28:46,538 INFO o.a.j.r.p.AbstractSampleConsumer: class org.apache.jmeter.report.processor.graph.impl.LatencyOverTimeGraphConsumer#stopProducing(): latenciesOverTime produced 0 samples
2026-05-17 21:28:46,538 INFO o.a.j.r.p.AbstractSampleConsumer: class org.apache.jmeter.report.processor.FilterConsumer#stopProducing(): nameFilter produced 3705 samples
2026-05-17 21:28:46,538 INFO o.a.j.r.p.AbstractSampleConsumer: class org.apache.jmeter.report.processor.FilterConsumer#stopProducing(): dateRangeFilter produced 741 samples
2026-05-17 21:28:46,541 INFO o.a.j.r.p.AbstractSampleConsumer: class org.apache.jmeter.report.processor.NormalizerSampleConsumer#stopProducing(): normalizer produced 247 samples
2026-05-17 21:28:46,541 INFO o.a.j.r.p.CsvFileSampleSource: produce(): 247 samples produced in 316ms on channel 0
2026-05-17 21:28:46,541 INFO o.a.j.r.d.ReportGenerator: Exporting data using exporter:'json' of className:'org.apache.jmeter.report.dashboard.JsonExporter'
2026-05-17 21:28:46,891 INFO o.a.j.r.d.JsonExporter: Found data for consumer statisticsSummary in context
2026-05-17 21:28:46,891 INFO o.a.j.r.d.JsonExporter: Creating statistics for overall
2026-05-17 21:28:46,891 INFO o.a.j.r.d.JsonExporter: Creating statistics for other transactions
2026-05-17 21:28:46,891 INFO o.a.j.r.d.JsonExporter: Checking output folder
2026-05-17 21:28:46,891 INFO o.a.j.r.d.JsonExporter: Writing statistics JSON to D:\Practice\performance testing_IQEA\ai-accelerator-IQEA_refined_version\ai-accelerator-IQEA_refined_version\jmeter_reports\testactions\html_dashboard\statistics.json
2026-05-17 21:28:46,994 INFO o.a.j.r.d.ReportGenerator: Exporting data using exporter:'html' of className:'org.apache.jmeter.report.dashboard.HtmlTemplateExporter'
2026-05-17 21:28:47,001 INFO o.a.j.r.d.HtmlTemplateExporter: Will generate dashboard in folder: D:\Practice\performance testing_IQEA\ai-accelerator-IQEA_refined_version\ai-accelerator-IQEA_refined_version\jmeter_reports\testactions\html_dashboard
2026-05-17 21:28:47,312 INFO o.a.j.r.d.HtmlTemplateExporter: Report will be generated in: D:\Practice\performance testing_IQEA\ai-accelerator-IQEA_refined_version\ai-accelerator-IQEA_refined_version\jmeter_reports\testactions\html_dashboard, creating folder structure
2026-05-17 21:28:47,320 INFO o.a.j.r.d.TemplateVisitor: Copying folder from 'D:\Practice\apache-jmeter-5.5\apache-jmeter-5.5\apache-jmeter-5.5\bin\report-template' to 'D:\Practice\performance testing_IQEA\ai-accelerator-IQEA_refined_version\ai-accelerator-IQEA_refined_version\jmeter_reports\testactions\html_dashboard', got message: D:\Practice\performance testing_IQEA\ai-accelerator-IQEA_refined_version\ai-accelerator-IQEA_refined_version\jmeter_reports\testactions\html_dashboard, found non empty folder with following content [D:\Practice\performance testing_IQEA\ai-accelerator-IQEA_refined_version\ai-accelerator-IQEA_refined_version\jmeter_reports\testactions\html_dashboard\statistics.json], will be ignored
2026-05-17 21:28:49,742 INFO o.a.j.JMeter: Dashboard generated
